{"data":{"createBook":{"price":50,"title":"Test book","authorId":4}}}